2025-11-23 21:53:52.117 | INFO     | __main__:run_single_trial:119 - ======================================================================
2025-11-23 21:53:52.118 | INFO     | __main__:run_single_trial:120 - Enhanced Experiment Settings (Memory-Optimized + FIXED)
2025-11-23 21:53:52.118 | INFO     | __main__:run_single_trial:121 - ======================================================================
2025-11-23 21:53:52.118 | INFO     | __main__:run_single_trial:123 -   config: TRIB-MBR_Full_taobao.yaml
2025-11-23 21:53:52.118 | INFO     | __main__:run_single_trial:123 -   disable_daf: False
2025-11-23 21:53:52.118 | INFO     | __main__:run_single_trial:123 -   disable_film: False
2025-11-23 21:53:52.118 | INFO     | __main__:run_single_trial:123 -   disable_purchase: False
2025-11-23 21:53:52.119 | INFO     | __main__:run_single_trial:123 -   embedding_size: 128
2025-11-23 21:53:52.119 | INFO     | __main__:run_single_trial:123 -   layers: 2
2025-11-23 21:53:52.119 | INFO     | __main__:run_single_trial:123 -   num_heads: 4
2025-11-23 21:53:52.119 | INFO     | __main__:run_single_trial:123 -   gradient_accumulation_steps: 2
2025-11-23 21:53:52.119 | INFO     | __main__:run_single_trial:123 -   gcn_batch_size: 4096
2025-11-23 21:53:52.119 | INFO     | __main__:run_single_trial:123 -   embed_batch_size: 2048
2025-11-23 21:53:52.120 | INFO     | __main__:run_single_trial:123 -   freeze_gcn_after: -1
2025-11-23 21:53:52.120 | INFO     | __main__:run_single_trial:123 -   mixed_precision: False
2025-11-23 21:53:52.120 | INFO     | __main__:run_single_trial:123 -   pin_memory: True
2025-11-23 21:53:52.120 | INFO     | __main__:run_single_trial:123 -   purchase_weight: 0.27
2025-11-23 21:53:52.120 | INFO     | __main__:run_single_trial:123 -   lr: 0.0003
2025-11-23 21:53:52.121 | INFO     | __main__:run_single_trial:123 -   decay: 0.0002
2025-11-23 21:53:52.121 | INFO     | __main__:run_single_trial:123 -   reg_weight: 0.0001
2025-11-23 21:53:52.121 | INFO     | __main__:run_single_trial:123 -   log_reg: 0.8
2025-11-23 21:53:52.121 | INFO     | __main__:run_single_trial:123 -   node_dropout: 0.4
2025-11-23 21:53:52.121 | INFO     | __main__:run_single_trial:123 -   message_dropout: 0.1
2025-11-23 21:53:52.121 | INFO     | __main__:run_single_trial:123 -   batch_size: 1024
2025-11-23 21:53:52.121 | INFO     | __main__:run_single_trial:123 -   epochs: 200
2025-11-23 21:53:52.122 | INFO     | __main__:run_single_trial:123 -   patience: 3
2025-11-23 21:53:52.122 | INFO     | __main__:run_single_trial:123 -   test_batch_size: 1024
2025-11-23 21:53:52.122 | INFO     | __main__:run_single_trial:123 -   data_name: taobao
2025-11-23 21:53:52.122 | INFO     | __main__:run_single_trial:123 -   neg_count: 8
2025-11-23 21:53:52.122 | INFO     | __main__:run_single_trial:123 -   topk: [10, 20, 50, 80]
2025-11-23 21:53:52.122 | INFO     | __main__:run_single_trial:123 -   metrics: ['hit', 'ndcg']
2025-11-23 21:53:52.123 | INFO     | __main__:run_single_trial:123 -   gpu_no: 1
2025-11-23 21:53:52.123 | INFO     | __main__:run_single_trial:123 -   device: cuda:0
2025-11-23 21:53:52.123 | INFO     | __main__:run_single_trial:123 -   model_path: ./check_point
2025-11-23 21:53:52.123 | INFO     | __main__:run_single_trial:123 -   model_name: SCORE
2025-11-23 21:53:52.123 | INFO     | __main__:run_single_trial:123 -   if_load_model: False
2025-11-23 21:53:52.123 | INFO     | __main__:run_single_trial:123 -   check_point: 
2025-11-23 21:53:52.124 | INFO     | __main__:run_single_trial:123 -   data_path: ./data/taobao
2025-11-23 21:53:52.124 | INFO     | __main__:run_single_trial:123 -   behaviors: ['view', 'cart', 'buy']
2025-11-23 21:53:52.124 | INFO     | __main__:run_single_trial:123 -   disable_tqdm: False
2025-11-23 21:53:52.124 | INFO     | __main__:run_single_trial:123 -   TIME: 2025-11-23_21_53_52
2025-11-23 21:53:52.124 | INFO     | __main__:run_single_trial:124 - ======================================================================
2025-11-23 21:53:52.182 | INFO     | __main__:run_single_trial:132 - GPU Memory: 11.54 GB
2025-11-23 21:53:52.183 | INFO     | __main__:run_single_trial:133 - CUDA Version: 12.1
2025-11-23 21:55:00.235 | INFO     | trainer_film_pur1:_prepare_purchase_labels:64 - Purchase Labels - Validation: 48749.0/48749 positive, Test: 48749.0/48749 positive
2025-11-23 21:55:00.896 | INFO     | __main__:run_single_trial:147 - SCORE(
  (message_dropout): Dropout(p=0.1, inplace=False)
  (user_embedding): Embedding(48750, 128, padding_idx=0)
  (item_embedding): Embedding(39494, 128, padding_idx=0)
  (global_Graph): LightGCN()
  (behavior_Graph): LightGCN()
  (film_gate): FiLMGating(
    (gamma_gen): Sequential(
      (0): Linear(in_features=260, out_features=128, bias=True)
      (1): GELU(approximate='none')
      (2): Dropout(p=0.1, inplace=False)
    )
    (beta_gen): Sequential(
      (0): Linear(in_features=260, out_features=128, bias=True)
      (1): GELU(approximate='none')
      (2): Dropout(p=0.1, inplace=False)
    )
    (gamma_norm): LayerNorm((128,), eps=1e-05, elementwise_affine=True)
  )
  (calibration_module): SemanticStructuralCalibration(
    (W_Q): Linear(in_features=128, out_features=128, bias=True)
    (W_K): Linear(in_features=128, out_features=128, bias=True)
    (W_V): Linear(in_features=128, out_features=128, bias=True)
    (layer_norm1): LayerNorm((128,), eps=1e-05, elementwise_affine=True)
    (ffn): Sequential(
      (0): Linear(in_features=128, out_features=512, bias=True)
      (1): GELU(approximate='none')
      (2): Dropout(p=0.1, inplace=False)
      (3): Linear(in_features=512, out_features=128, bias=True)
    )
    (layer_norm2): LayerNorm((128,), eps=1e-05, elementwise_affine=True)
    (dropout): Dropout(p=0.1, inplace=False)
  )
  (purchase_predictor): Sequential(
    (0): Linear(in_features=260, out_features=256, bias=True)
    (1): ReLU()
    (2): Dropout(p=0.1, inplace=False)
    (3): Linear(in_features=256, out_features=128, bias=True)
    (4): ReLU()
    (5): Linear(in_features=128, out_features=1, bias=True)
    (6): Sigmoid()
  )
  (bpr_loss): BPRLoss()
  (emb_loss): EmbLoss()
  (cross_loss): BCELoss()
  (purchase_loss): BCELoss()
)
2025-11-23 21:55:00.897 | INFO     | __main__:run_single_trial:148 - Number of trainable parameters: 11709323
2025-11-23 22:04:30.898 | INFO     | trainer_film_pur1:_train_one_epoch:203 - Epoch 1 [569.98s]: Train loss: 0.1772
2025-11-23 22:04:52.811 | INFO     | trainer_film_pur1:evaluate_recommendation:249 - Validate Recommendation results: {'hit@10': np.float64(0.1249), 'ndcg@10': np.float64(0.0722), 'hit@20': np.float64(0.1689), 'ndcg@20': np.float64(0.0833), 'hit@50': np.float64(0.2408), 'ndcg@50': np.float64(0.0976), 'hit@80': np.float64(0.2812), 'ndcg@80': np.float64(0.1043)}
2025-11-23 22:06:42.691 | INFO     | trainer_film_pur1:evaluate_recommendation:249 - Test Recommendation results: {'hit@10': np.float64(0.0958), 'ndcg@10': np.float64(0.0549), 'hit@20': np.float64(0.1314), 'ndcg@20': np.float64(0.0639), 'hit@50': np.float64(0.1893), 'ndcg@50': np.float64(0.0753), 'hit@80': np.float64(0.2262), 'ndcg@80': np.float64(0.0815)}
2025-11-23 22:08:10.402 | INFO     | trainer_film_pur1:train_model:138 - New best model found at epoch 1!
2025-11-23 22:18:21.525 | INFO     | trainer_film_pur1:_train_one_epoch:203 - Epoch 2 [611.12s]: Train loss: 0.1140
2025-11-23 22:18:44.159 | INFO     | trainer_film_pur1:evaluate_recommendation:249 - Validate Recommendation results: {'hit@10': np.float64(0.1509), 'ndcg@10': np.float64(0.087), 'hit@20': np.float64(0.2026), 'ndcg@20': np.float64(0.1001), 'hit@50': np.float64(0.2842), 'ndcg@50': np.float64(0.1163), 'hit@80': np.float64(0.3296), 'ndcg@80': np.float64(0.1238)}
2025-11-23 22:20:33.827 | INFO     | trainer_film_pur1:evaluate_recommendation:249 - Test Recommendation results: {'hit@10': np.float64(0.1139), 'ndcg@10': np.float64(0.0644), 'hit@20': np.float64(0.1569), 'ndcg@20': np.float64(0.0753), 'hit@50': np.float64(0.2281), 'ndcg@50': np.float64(0.0894), 'hit@80': np.float64(0.2724), 'ndcg@80': np.float64(0.0967)}
2025-11-23 22:21:38.617 | INFO     | trainer_film_pur1:train_model:138 - New best model found at epoch 2!
2025-11-23 22:34:19.829 | INFO     | trainer_film_pur1:_train_one_epoch:203 - Epoch 3 [761.21s]: Train loss: 0.0904
2025-11-23 22:34:42.551 | INFO     | trainer_film_pur1:evaluate_recommendation:249 - Validate Recommendation results: {'hit@10': np.float64(0.157), 'ndcg@10': np.float64(0.0897), 'hit@20': np.float64(0.2131), 'ndcg@20': np.float64(0.1038), 'hit@50': np.float64(0.2984), 'ndcg@50': np.float64(0.1207), 'hit@80': np.float64(0.3475), 'ndcg@80': np.float64(0.1289)}
2025-11-23 22:38:17.584 | INFO     | trainer_film_pur1:evaluate_recommendation:249 - Test Recommendation results: {'hit@10': np.float64(0.1189), 'ndcg@10': np.float64(0.0668), 'hit@20': np.float64(0.166), 'ndcg@20': np.float64(0.0787), 'hit@50': np.float64(0.2437), 'ndcg@50': np.float64(0.094), 'hit@80': np.float64(0.2924), 'ndcg@80': np.float64(0.1021)}
2025-11-23 22:39:57.352 | INFO     | trainer_film_pur1:train_model:138 - New best model found at epoch 3!
2025-11-23 22:53:05.448 | INFO     | trainer_film_pur1:_train_one_epoch:203 - Epoch 4 [788.10s]: Train loss: 0.0755
2025-11-23 22:53:28.894 | INFO     | trainer_film_pur1:evaluate_recommendation:249 - Validate Recommendation results: {'hit@10': np.float64(0.1676), 'ndcg@10': np.float64(0.0959), 'hit@20': np.float64(0.2266), 'ndcg@20': np.float64(0.1108), 'hit@50': np.float64(0.3206), 'ndcg@50': np.float64(0.1295), 'hit@80': np.float64(0.3731), 'ndcg@80': np.float64(0.1382)}
2025-11-23 22:55:45.473 | INFO     | trainer_film_pur1:evaluate_recommendation:249 - Test Recommendation results: {'hit@10': np.float64(0.1299), 'ndcg@10': np.float64(0.0717), 'hit@20': np.float64(0.1808), 'ndcg@20': np.float64(0.0845), 'hit@50': np.float64(0.2631), 'ndcg@50': np.float64(0.1008), 'hit@80': np.float64(0.3138), 'ndcg@80': np.float64(0.1092)}
2025-11-23 22:57:35.648 | INFO     | trainer_film_pur1:train_model:138 - New best model found at epoch 4!
2025-11-23 23:10:09.421 | INFO     | trainer_film_pur1:_train_one_epoch:203 - Epoch 5 [753.77s]: Train loss: 0.0648
2025-11-23 23:10:31.598 | INFO     | trainer_film_pur1:evaluate_recommendation:249 - Validate Recommendation results: {'hit@10': np.float64(0.1849), 'ndcg@10': np.float64(0.1052), 'hit@20': np.float64(0.2518), 'ndcg@20': np.float64(0.1221), 'hit@50': np.float64(0.3508), 'ndcg@50': np.float64(0.1417), 'hit@80': np.float64(0.4067), 'ndcg@80': np.float64(0.151)}
2025-11-23 23:14:28.689 | INFO     | trainer_film_pur1:evaluate_recommendation:249 - Test Recommendation results: {'hit@10': np.float64(0.1462), 'ndcg@10': np.float64(0.0804), 'hit@20': np.float64(0.2024), 'ndcg@20': np.float64(0.0945), 'hit@50': np.float64(0.2928), 'ndcg@50': np.float64(0.1124), 'hit@80': np.float64(0.3476), 'ndcg@80': np.float64(0.1215)}
2025-11-23 23:16:33.454 | INFO     | trainer_film_pur1:train_model:138 - New best model found at epoch 5!
2025-11-23 23:27:48.300 | INFO     | trainer_film_pur1:_train_one_epoch:203 - Epoch 6 [674.85s]: Train loss: 0.0563
2025-11-23 23:28:11.421 | INFO     | trainer_film_pur1:evaluate_recommendation:249 - Validate Recommendation results: {'hit@10': np.float64(0.1979), 'ndcg@10': np.float64(0.1117), 'hit@20': np.float64(0.267), 'ndcg@20': np.float64(0.1291), 'hit@50': np.float64(0.3713), 'ndcg@50': np.float64(0.1498), 'hit@80': np.float64(0.4284), 'ndcg@80': np.float64(0.1593)}
2025-11-23 23:32:04.474 | INFO     | trainer_film_pur1:evaluate_recommendation:249 - Test Recommendation results: {'hit@10': np.float64(0.1539), 'ndcg@10': np.float64(0.0845), 'hit@20': np.float64(0.2148), 'ndcg@20': np.float64(0.0999), 'hit@50': np.float64(0.3126), 'ndcg@50': np.float64(0.1193), 'hit@80': np.float64(0.3711), 'ndcg@80': np.float64(0.1291)}
2025-11-23 23:34:27.786 | INFO     | trainer_film_pur1:train_model:138 - New best model found at epoch 6!
2025-11-23 23:46:33.088 | INFO     | trainer_film_pur1:_train_one_epoch:203 - Epoch 7 [725.30s]: Train loss: 0.0497
2025-11-23 23:46:55.874 | INFO     | trainer_film_pur1:evaluate_recommendation:249 - Validate Recommendation results: {'hit@10': np.float64(0.2025), 'ndcg@10': np.float64(0.1138), 'hit@20': np.float64(0.2748), 'ndcg@20': np.float64(0.132), 'hit@50': np.float64(0.3826), 'ndcg@50': np.float64(0.1535), 'hit@80': np.float64(0.4423), 'ndcg@80': np.float64(0.1634)}
2025-11-23 23:50:50.831 | INFO     | trainer_film_pur1:evaluate_recommendation:249 - Test Recommendation results: {'hit@10': np.float64(0.1612), 'ndcg@10': np.float64(0.0874), 'hit@20': np.float64(0.2249), 'ndcg@20': np.float64(0.1034), 'hit@50': np.float64(0.3272), 'ndcg@50': np.float64(0.1237), 'hit@80': np.float64(0.3849), 'ndcg@80': np.float64(0.1333)}
2025-11-23 23:53:33.249 | INFO     | trainer_film_pur1:train_model:138 - New best model found at epoch 7!
2025-11-24 00:04:52.869 | INFO     | trainer_film_pur1:_train_one_epoch:203 - Epoch 8 [679.62s]: Train loss: 0.0450
2025-11-24 00:05:16.644 | INFO     | trainer_film_pur1:evaluate_recommendation:249 - Validate Recommendation results: {'hit@10': np.float64(0.215), 'ndcg@10': np.float64(0.1213), 'hit@20': np.float64(0.2897), 'ndcg@20': np.float64(0.1401), 'hit@50': np.float64(0.4021), 'ndcg@50': np.float64(0.1624), 'hit@80': np.float64(0.4618), 'ndcg@80': np.float64(0.1723)}
2025-11-24 00:09:12.575 | INFO     | trainer_film_pur1:evaluate_recommendation:249 - Test Recommendation results: {'hit@10': np.float64(0.1708), 'ndcg@10': np.float64(0.0925), 'hit@20': np.float64(0.2384), 'ndcg@20': np.float64(0.1096), 'hit@50': np.float64(0.3426), 'ndcg@50': np.float64(0.1302), 'hit@80': np.float64(0.4027), 'ndcg@80': np.float64(0.1402)}
2025-11-24 00:12:00.172 | INFO     | trainer_film_pur1:train_model:138 - New best model found at epoch 8!
2025-11-24 00:23:48.724 | INFO     | trainer_film_pur1:_train_one_epoch:203 - Epoch 9 [708.55s]: Train loss: 0.0423
2025-11-24 00:24:11.542 | INFO     | trainer_film_pur1:evaluate_recommendation:249 - Validate Recommendation results: {'hit@10': np.float64(0.2165), 'ndcg@10': np.float64(0.1215), 'hit@20': np.float64(0.2915), 'ndcg@20': np.float64(0.1404), 'hit@50': np.float64(0.4053), 'ndcg@50': np.float64(0.163), 'hit@80': np.float64(0.4646), 'ndcg@80': np.float64(0.1729)}
2025-11-24 00:27:44.410 | INFO     | trainer_film_pur1:evaluate_recommendation:249 - Test Recommendation results: {'hit@10': np.float64(0.1701), 'ndcg@10': np.float64(0.0926), 'hit@20': np.float64(0.2378), 'ndcg@20': np.float64(0.1096), 'hit@50': np.float64(0.3435), 'ndcg@50': np.float64(0.1306), 'hit@80': np.float64(0.4029), 'ndcg@80': np.float64(0.1404)}
2025-11-24 00:30:23.201 | INFO     | trainer_film_pur1:train_model:138 - New best model found at epoch 9!
2025-11-24 00:41:57.540 | INFO     | trainer_film_pur1:_train_one_epoch:203 - Epoch 10 [694.34s]: Train loss: 0.0405
2025-11-24 00:42:20.542 | INFO     | trainer_film_pur1:evaluate_recommendation:249 - Validate Recommendation results: {'hit@10': np.float64(0.2184), 'ndcg@10': np.float64(0.1222), 'hit@20': np.float64(0.2953), 'ndcg@20': np.float64(0.1416), 'hit@50': np.float64(0.4099), 'ndcg@50': np.float64(0.1644), 'hit@80': np.float64(0.4714), 'ndcg@80': np.float64(0.1746)}
2025-11-24 00:46:17.320 | INFO     | trainer_film_pur1:evaluate_recommendation:249 - Test Recommendation results: {'hit@10': np.float64(0.172), 'ndcg@10': np.float64(0.0935), 'hit@20': np.float64(0.2402), 'ndcg@20': np.float64(0.1107), 'hit@50': np.float64(0.3477), 'ndcg@50': np.float64(0.132), 'hit@80': np.float64(0.4061), 'ndcg@80': np.float64(0.1417)}
2025-11-24 00:49:46.947 | INFO     | trainer_film_pur1:train_model:138 - New best model found at epoch 10!
2025-11-24 01:00:18.721 | INFO     | trainer_film_pur1:_train_one_epoch:203 - Epoch 11 [631.77s]: Train loss: 0.0392
2025-11-24 01:00:41.274 | INFO     | trainer_film_pur1:evaluate_recommendation:249 - Validate Recommendation results: {'hit@10': np.float64(0.2249), 'ndcg@10': np.float64(0.126), 'hit@20': np.float64(0.3055), 'ndcg@20': np.float64(0.1464), 'hit@50': np.float64(0.4211), 'ndcg@50': np.float64(0.1693), 'hit@80': np.float64(0.4808), 'ndcg@80': np.float64(0.1793)}
2025-11-24 01:04:36.645 | INFO     | trainer_film_pur1:evaluate_recommendation:249 - Test Recommendation results: {'hit@10': np.float64(0.1786), 'ndcg@10': np.float64(0.0967), 'hit@20': np.float64(0.2485), 'ndcg@20': np.float64(0.1143), 'hit@50': np.float64(0.3557), 'ndcg@50': np.float64(0.1356), 'hit@80': np.float64(0.4184), 'ndcg@80': np.float64(0.146)}
2025-11-24 01:08:04.575 | INFO     | trainer_film_pur1:train_model:138 - New best model found at epoch 11!
2025-11-24 01:19:39.541 | INFO     | trainer_film_pur1:_train_one_epoch:203 - Epoch 12 [694.96s]: Train loss: 0.0384
2025-11-24 01:20:02.352 | INFO     | trainer_film_pur1:evaluate_recommendation:249 - Validate Recommendation results: {'hit@10': np.float64(0.2251), 'ndcg@10': np.float64(0.126), 'hit@20': np.float64(0.307), 'ndcg@20': np.float64(0.1466), 'hit@50': np.float64(0.4243), 'ndcg@50': np.float64(0.1699), 'hit@80': np.float64(0.4861), 'ndcg@80': np.float64(0.1802)}
2025-11-24 01:23:56.573 | INFO     | trainer_film_pur1:evaluate_recommendation:249 - Test Recommendation results: {'hit@10': np.float64(0.1801), 'ndcg@10': np.float64(0.0978), 'hit@20': np.float64(0.2514), 'ndcg@20': np.float64(0.1158), 'hit@50': np.float64(0.3604), 'ndcg@50': np.float64(0.1375), 'hit@80': np.float64(0.4213), 'ndcg@80': np.float64(0.1476)}
2025-11-24 01:27:28.660 | INFO     | trainer_film_pur1:train_model:138 - New best model found at epoch 12!
2025-11-24 01:38:38.511 | INFO     | trainer_film_pur1:_train_one_epoch:203 - Epoch 13 [669.85s]: Train loss: 0.0377
2025-11-24 01:39:00.420 | INFO     | trainer_film_pur1:evaluate_recommendation:249 - Validate Recommendation results: {'hit@10': np.float64(0.2327), 'ndcg@10': np.float64(0.13), 'hit@20': np.float64(0.3153), 'ndcg@20': np.float64(0.1509), 'hit@50': np.float64(0.4347), 'ndcg@50': np.float64(0.1747), 'hit@80': np.float64(0.4948), 'ndcg@80': np.float64(0.1847)}
2025-11-24 01:42:53.381 | INFO     | trainer_film_pur1:evaluate_recommendation:249 - Test Recommendation results: {'hit@10': np.float64(0.1888), 'ndcg@10': np.float64(0.1018), 'hit@20': np.float64(0.2622), 'ndcg@20': np.float64(0.1203), 'hit@50': np.float64(0.3758), 'ndcg@50': np.float64(0.1429), 'hit@80': np.float64(0.4363), 'ndcg@80': np.float64(0.1529)}
2025-11-24 01:45:55.731 | INFO     | trainer_film_pur1:train_model:138 - New best model found at epoch 13!
2025-11-24 01:57:35.384 | INFO     | trainer_film_pur1:_train_one_epoch:203 - Epoch 14 [699.65s]: Train loss: 0.0374
2025-11-24 01:57:57.210 | INFO     | trainer_film_pur1:evaluate_recommendation:249 - Validate Recommendation results: {'hit@10': np.float64(0.2376), 'ndcg@10': np.float64(0.1317), 'hit@20': np.float64(0.3187), 'ndcg@20': np.float64(0.1522), 'hit@50': np.float64(0.4403), 'ndcg@50': np.float64(0.1764), 'hit@80': np.float64(0.5027), 'ndcg@80': np.float64(0.1868)}
2025-11-24 02:00:41.898 | INFO     | trainer_film_pur1:evaluate_recommendation:249 - Test Recommendation results: {'hit@10': np.float64(0.1899), 'ndcg@10': np.float64(0.1022), 'hit@20': np.float64(0.2654), 'ndcg@20': np.float64(0.1212), 'hit@50': np.float64(0.3777), 'ndcg@50': np.float64(0.1436), 'hit@80': np.float64(0.4393), 'ndcg@80': np.float64(0.1538)}
2025-11-24 02:04:16.895 | INFO     | trainer_film_pur1:train_model:138 - New best model found at epoch 14!
2025-11-24 02:15:42.220 | INFO     | trainer_film_pur1:_train_one_epoch:203 - Epoch 15 [685.32s]: Train loss: 0.0370
2025-11-24 02:16:03.233 | INFO     | trainer_film_pur1:evaluate_recommendation:249 - Validate Recommendation results: {'hit@10': np.float64(0.2351), 'ndcg@10': np.float64(0.1313), 'hit@20': np.float64(0.318), 'ndcg@20': np.float64(0.1522), 'hit@50': np.float64(0.4402), 'ndcg@50': np.float64(0.1765), 'hit@80': np.float64(0.5024), 'ndcg@80': np.float64(0.1868)}
2025-11-24 02:20:00.614 | INFO     | trainer_film_pur1:evaluate_recommendation:249 - Test Recommendation results: {'hit@10': np.float64(0.1894), 'ndcg@10': np.float64(0.1014), 'hit@20': np.float64(0.2628), 'ndcg@20': np.float64(0.1199), 'hit@50': np.float64(0.3774), 'ndcg@50': np.float64(0.1427), 'hit@80': np.float64(0.4394), 'ndcg@80': np.float64(0.153)}
2025-11-24 02:34:38.646 | INFO     | trainer_film_pur1:_train_one_epoch:203 - Epoch 16 [661.22s]: Train loss: 0.0369
2025-11-24 02:35:01.274 | INFO     | trainer_film_pur1:evaluate_recommendation:249 - Validate Recommendation results: {'hit@10': np.float64(0.2526), 'ndcg@10': np.float64(0.1388), 'hit@20': np.float64(0.3415), 'ndcg@20': np.float64(0.1613), 'hit@50': np.float64(0.4655), 'ndcg@50': np.float64(0.1859), 'hit@80': np.float64(0.5271), 'ndcg@80': np.float64(0.1962)}
2025-11-24 02:38:52.782 | INFO     | trainer_film_pur1:evaluate_recommendation:249 - Test Recommendation results: {'hit@10': np.float64(0.2085), 'ndcg@10': np.float64(0.1117), 'hit@20': np.float64(0.2874), 'ndcg@20': np.float64(0.1316), 'hit@50': np.float64(0.4066), 'ndcg@50': np.float64(0.1553), 'hit@80': np.float64(0.4684), 'ndcg@80': np.float64(0.1656)}
2025-11-24 02:42:09.096 | INFO     | trainer_film_pur1:train_model:138 - New best model found at epoch 16!
2025-11-24 02:53:42.905 | INFO     | trainer_film_pur1:_train_one_epoch:203 - Epoch 17 [693.81s]: Train loss: 0.0366
2025-11-24 02:54:05.688 | INFO     | trainer_film_pur1:evaluate_recommendation:249 - Validate Recommendation results: {'hit@10': np.float64(0.2528), 'ndcg@10': np.float64(0.1396), 'hit@20': np.float64(0.3406), 'ndcg@20': np.float64(0.1618), 'hit@50': np.float64(0.4643), 'ndcg@50': np.float64(0.1864), 'hit@80': np.float64(0.5286), 'ndcg@80': np.float64(0.1972)}
2025-11-24 02:58:02.427 | INFO     | trainer_film_pur1:evaluate_recommendation:249 - Test Recommendation results: {'hit@10': np.float64(0.2083), 'ndcg@10': np.float64(0.1116), 'hit@20': np.float64(0.2894), 'ndcg@20': np.float64(0.132), 'hit@50': np.float64(0.4063), 'ndcg@50': np.float64(0.1552), 'hit@80': np.float64(0.4688), 'ndcg@80': np.float64(0.1656)}
2025-11-24 03:01:02.868 | INFO     | trainer_film_pur1:train_model:138 - New best model found at epoch 17!
2025-11-24 03:11:56.913 | INFO     | trainer_film_pur1:_train_one_epoch:203 - Epoch 18 [654.05s]: Train loss: 0.0365
2025-11-24 03:12:19.242 | INFO     | trainer_film_pur1:evaluate_recommendation:249 - Validate Recommendation results: {'hit@10': np.float64(0.2441), 'ndcg@10': np.float64(0.1355), 'hit@20': np.float64(0.3326), 'ndcg@20': np.float64(0.1579), 'hit@50': np.float64(0.4527), 'ndcg@50': np.float64(0.1817), 'hit@80': np.float64(0.5162), 'ndcg@80': np.float64(0.1923)}
2025-11-24 03:16:14.648 | INFO     | trainer_film_pur1:evaluate_recommendation:249 - Test Recommendation results: {'hit@10': np.float64(0.1984), 'ndcg@10': np.float64(0.1056), 'hit@20': np.float64(0.2763), 'ndcg@20': np.float64(0.1252), 'hit@50': np.float64(0.3938), 'ndcg@50': np.float64(0.1485), 'hit@80': np.float64(0.4557), 'ndcg@80': np.float64(0.1588)}
2025-11-24 03:31:14.254 | INFO     | trainer_film_pur1:_train_one_epoch:203 - Epoch 19 [685.20s]: Train loss: 0.0364
2025-11-24 03:31:37.409 | INFO     | trainer_film_pur1:evaluate_recommendation:249 - Validate Recommendation results: {'hit@10': np.float64(0.2593), 'ndcg@10': np.float64(0.1427), 'hit@20': np.float64(0.3494), 'ndcg@20': np.float64(0.1654), 'hit@50': np.float64(0.4751), 'ndcg@50': np.float64(0.1905), 'hit@80': np.float64(0.5366), 'ndcg@80': np.float64(0.2007)}
2025-11-24 03:33:50.295 | INFO     | trainer_film_pur1:evaluate_recommendation:249 - Test Recommendation results: {'hit@10': np.float64(0.2138), 'ndcg@10': np.float64(0.1147), 'hit@20': np.float64(0.2966), 'ndcg@20': np.float64(0.1356), 'hit@50': np.float64(0.4168), 'ndcg@50': np.float64(0.1595), 'hit@80': np.float64(0.4764), 'ndcg@80': np.float64(0.1694)}
2025-11-24 03:37:19.713 | INFO     | trainer_film_pur1:train_model:138 - New best model found at epoch 19!
2025-11-24 03:48:47.824 | INFO     | trainer_film_pur1:_train_one_epoch:203 - Epoch 20 [688.11s]: Train loss: 0.0363
2025-11-24 03:49:08.736 | INFO     | trainer_film_pur1:evaluate_recommendation:249 - Validate Recommendation results: {'hit@10': np.float64(0.2547), 'ndcg@10': np.float64(0.14), 'hit@20': np.float64(0.3427), 'ndcg@20': np.float64(0.1622), 'hit@50': np.float64(0.4649), 'ndcg@50': np.float64(0.1865), 'hit@80': np.float64(0.5271), 'ndcg@80': np.float64(0.1968)}
2025-11-24 03:53:03.402 | INFO     | trainer_film_pur1:evaluate_recommendation:249 - Test Recommendation results: {'hit@10': np.float64(0.2061), 'ndcg@10': np.float64(0.1115), 'hit@20': np.float64(0.2872), 'ndcg@20': np.float64(0.132), 'hit@50': np.float64(0.4047), 'ndcg@50': np.float64(0.1554), 'hit@80': np.float64(0.4682), 'ndcg@80': np.float64(0.1659)}
2025-11-24 04:07:26.409 | INFO     | trainer_film_pur1:_train_one_epoch:203 - Epoch 21 [653.72s]: Train loss: 0.0362
2025-11-24 04:07:47.608 | INFO     | trainer_film_pur1:evaluate_recommendation:249 - Validate Recommendation results: {'hit@10': np.float64(0.2469), 'ndcg@10': np.float64(0.1366), 'hit@20': np.float64(0.3349), 'ndcg@20': np.float64(0.1589), 'hit@50': np.float64(0.4584), 'ndcg@50': np.float64(0.1834), 'hit@80': np.float64(0.5191), 'ndcg@80': np.float64(0.1936)}
2025-11-24 04:11:39.853 | INFO     | trainer_film_pur1:evaluate_recommendation:249 - Test Recommendation results: {'hit@10': np.float64(0.1999), 'ndcg@10': np.float64(0.1077), 'hit@20': np.float64(0.28), 'ndcg@20': np.float64(0.1279), 'hit@50': np.float64(0.3958), 'ndcg@50': np.float64(0.1509), 'hit@80': np.float64(0.457), 'ndcg@80': np.float64(0.161)}
2025-11-24 04:26:42.130 | INFO     | trainer_film_pur1:_train_one_epoch:203 - Epoch 22 [688.70s]: Train loss: 0.0361
2025-11-24 04:27:03.092 | INFO     | trainer_film_pur1:evaluate_recommendation:249 - Validate Recommendation results: {'hit@10': np.float64(0.2595), 'ndcg@10': np.float64(0.1427), 'hit@20': np.float64(0.3514), 'ndcg@20': np.float64(0.166), 'hit@50': np.float64(0.4731), 'ndcg@50': np.float64(0.1902), 'hit@80': np.float64(0.5323), 'ndcg@80': np.float64(0.2001)}
2025-11-24 04:30:53.117 | INFO     | trainer_film_pur1:evaluate_recommendation:249 - Test Recommendation results: {'hit@10': np.float64(0.211), 'ndcg@10': np.float64(0.1138), 'hit@20': np.float64(0.2942), 'ndcg@20': np.float64(0.1348), 'hit@50': np.float64(0.4113), 'ndcg@50': np.float64(0.158), 'hit@80': np.float64(0.4727), 'ndcg@80': np.float64(0.1683)}
2025-11-24 04:33:15.460 | INFO     | trainer_film_pur1:train_model:138 - New best model found at epoch 22!
2025-11-24 04:40:56.674 | INFO     | trainer_film_pur1:_train_one_epoch:203 - Epoch 23 [461.21s]: Train loss: 0.0360
2025-11-24 04:41:17.849 | INFO     | trainer_film_pur1:evaluate_recommendation:249 - Validate Recommendation results: {'hit@10': np.float64(0.2598), 'ndcg@10': np.float64(0.1425), 'hit@20': np.float64(0.3525), 'ndcg@20': np.float64(0.1659), 'hit@50': np.float64(0.4764), 'ndcg@50': np.float64(0.1906), 'hit@80': np.float64(0.5379), 'ndcg@80': np.float64(0.2008)}
2025-11-24 04:42:47.820 | INFO     | trainer_film_pur1:evaluate_recommendation:249 - Test Recommendation results: {'hit@10': np.float64(0.2149), 'ndcg@10': np.float64(0.1154), 'hit@20': np.float64(0.2967), 'ndcg@20': np.float64(0.136), 'hit@50': np.float64(0.4152), 'ndcg@50': np.float64(0.1596), 'hit@80': np.float64(0.4777), 'ndcg@80': np.float64(0.17)}
2025-11-24 04:43:58.956 | INFO     | trainer_film_pur1:train_model:138 - New best model found at epoch 23!
2025-11-24 04:51:42.485 | INFO     | trainer_film_pur1:_train_one_epoch:203 - Epoch 24 [463.53s]: Train loss: 0.0359
2025-11-24 04:52:03.238 | INFO     | trainer_film_pur1:evaluate_recommendation:249 - Validate Recommendation results: {'hit@10': np.float64(0.2588), 'ndcg@10': np.float64(0.1417), 'hit@20': np.float64(0.3485), 'ndcg@20': np.float64(0.1644), 'hit@50': np.float64(0.4743), 'ndcg@50': np.float64(0.1895), 'hit@80': np.float64(0.5346), 'ndcg@80': np.float64(0.1995)}
2025-11-24 04:53:35.914 | INFO     | trainer_film_pur1:evaluate_recommendation:249 - Test Recommendation results: {'hit@10': np.float64(0.2113), 'ndcg@10': np.float64(0.1132), 'hit@20': np.float64(0.2938), 'ndcg@20': np.float64(0.1341), 'hit@50': np.float64(0.4142), 'ndcg@50': np.float64(0.158), 'hit@80': np.float64(0.4772), 'ndcg@80': np.float64(0.1685)}
2025-11-24 05:02:22.508 | INFO     | trainer_film_pur1:_train_one_epoch:203 - Epoch 25 [456.08s]: Train loss: 0.0359
2025-11-24 05:02:42.912 | INFO     | trainer_film_pur1:evaluate_recommendation:249 - Validate Recommendation results: {'hit@10': np.float64(0.2531), 'ndcg@10': np.float64(0.1392), 'hit@20': np.float64(0.3433), 'ndcg@20': np.float64(0.1621), 'hit@50': np.float64(0.467), 'ndcg@50': np.float64(0.1867), 'hit@80': np.float64(0.5266), 'ndcg@80': np.float64(0.1966)}
2025-11-24 05:04:12.722 | INFO     | trainer_film_pur1:evaluate_recommendation:249 - Test Recommendation results: {'hit@10': np.float64(0.2064), 'ndcg@10': np.float64(0.1103), 'hit@20': np.float64(0.288), 'ndcg@20': np.float64(0.1309), 'hit@50': np.float64(0.4049), 'ndcg@50': np.float64(0.1541), 'hit@80': np.float64(0.4661), 'ndcg@80': np.float64(0.1643)}
2025-11-24 05:13:00.468 | INFO     | trainer_film_pur1:_train_one_epoch:203 - Epoch 26 [457.77s]: Train loss: 0.0358
2025-11-24 05:13:20.486 | INFO     | trainer_film_pur1:evaluate_recommendation:249 - Validate Recommendation results: {'hit@10': np.float64(0.2616), 'ndcg@10': np.float64(0.1438), 'hit@20': np.float64(0.3532), 'ndcg@20': np.float64(0.1669), 'hit@50': np.float64(0.4775), 'ndcg@50': np.float64(0.1917), 'hit@80': np.float64(0.5393), 'ndcg@80': np.float64(0.2019)}
2025-11-24 05:14:51.306 | INFO     | trainer_film_pur1:evaluate_recommendation:249 - Test Recommendation results: {'hit@10': np.float64(0.2165), 'ndcg@10': np.float64(0.1164), 'hit@20': np.float64(0.3006), 'ndcg@20': np.float64(0.1376), 'hit@50': np.float64(0.4205), 'ndcg@50': np.float64(0.1614), 'hit@80': np.float64(0.4803), 'ndcg@80': np.float64(0.1714)}
2025-11-24 05:16:01.271 | INFO     | trainer_film_pur1:train_model:138 - New best model found at epoch 26!
2025-11-24 05:23:05.032 | INFO     | trainer_film_pur1:_train_one_epoch:203 - Epoch 27 [423.76s]: Train loss: 0.0358
2025-11-24 05:23:24.754 | INFO     | trainer_film_pur1:evaluate_recommendation:249 - Validate Recommendation results: {'hit@10': np.float64(0.2622), 'ndcg@10': np.float64(0.1433), 'hit@20': np.float64(0.353), 'ndcg@20': np.float64(0.1663), 'hit@50': np.float64(0.4766), 'ndcg@50': np.float64(0.1909), 'hit@80': np.float64(0.5377), 'ndcg@80': np.float64(0.2011)}
2025-11-24 05:24:07.183 | INFO     | trainer_film_pur1:evaluate_recommendation:249 - Test Recommendation results: {'hit@10': np.float64(0.218), 'ndcg@10': np.float64(0.117), 'hit@20': np.float64(0.2994), 'ndcg@20': np.float64(0.1375), 'hit@50': np.float64(0.4174), 'ndcg@50': np.float64(0.161), 'hit@80': np.float64(0.4779), 'ndcg@80': np.float64(0.1711)}
2025-11-24 05:24:29.298 | INFO     | trainer_film_pur1:train_model:138 - New best model found at epoch 27!
2025-11-24 05:30:06.926 | INFO     | trainer_film_pur1:_train_one_epoch:203 - Epoch 28 [337.63s]: Train loss: 0.0358
2025-11-24 05:30:28.454 | INFO     | trainer_film_pur1:evaluate_recommendation:249 - Validate Recommendation results: {'hit@10': np.float64(0.2518), 'ndcg@10': np.float64(0.1388), 'hit@20': np.float64(0.3409), 'ndcg@20': np.float64(0.1612), 'hit@50': np.float64(0.4643), 'ndcg@50': np.float64(0.1858), 'hit@80': np.float64(0.5266), 'ndcg@80': np.float64(0.1962)}
2025-11-24 05:31:12.293 | INFO     | trainer_film_pur1:evaluate_recommendation:249 - Test Recommendation results: {'hit@10': np.float64(0.2048), 'ndcg@10': np.float64(0.1095), 'hit@20': np.float64(0.2844), 'ndcg@20': np.float64(0.1296), 'hit@50': np.float64(0.403), 'ndcg@50': np.float64(0.1531), 'hit@80': np.float64(0.4619), 'ndcg@80': np.float64(0.1629)}
2025-11-24 05:37:10.450 | INFO     | trainer_film_pur1:_train_one_epoch:203 - Epoch 29 [336.28s]: Train loss: 0.0357
2025-11-24 05:37:31.915 | INFO     | trainer_film_pur1:evaluate_recommendation:249 - Validate Recommendation results: {'hit@10': np.float64(0.2566), 'ndcg@10': np.float64(0.1414), 'hit@20': np.float64(0.3468), 'ndcg@20': np.float64(0.1642), 'hit@50': np.float64(0.4706), 'ndcg@50': np.float64(0.1888), 'hit@80': np.float64(0.5313), 'ndcg@80': np.float64(0.1989)}
2025-11-24 05:38:15.408 | INFO     | trainer_film_pur1:evaluate_recommendation:249 - Test Recommendation results: {'hit@10': np.float64(0.2124), 'ndcg@10': np.float64(0.113), 'hit@20': np.float64(0.2936), 'ndcg@20': np.float64(0.1335), 'hit@50': np.float64(0.4119), 'ndcg@50': np.float64(0.157), 'hit@80': np.float64(0.472), 'ndcg@80': np.float64(0.167)}
2025-11-24 05:44:12.338 | INFO     | trainer_film_pur1:_train_one_epoch:203 - Epoch 30 [334.93s]: Train loss: 0.0357
2025-11-24 05:44:34.175 | INFO     | trainer_film_pur1:evaluate_recommendation:249 - Validate Recommendation results: {'hit@10': np.float64(0.2558), 'ndcg@10': np.float64(0.1414), 'hit@20': np.float64(0.3491), 'ndcg@20': np.float64(0.165), 'hit@50': np.float64(0.4743), 'ndcg@50': np.float64(0.1899), 'hit@80': np.float64(0.5343), 'ndcg@80': np.float64(0.1999)}
2025-11-24 05:45:17.479 | INFO     | trainer_film_pur1:evaluate_recommendation:249 - Test Recommendation results: {'hit@10': np.float64(0.2128), 'ndcg@10': np.float64(0.1138), 'hit@20': np.float64(0.294), 'ndcg@20': np.float64(0.1343), 'hit@50': np.float64(0.4137), 'ndcg@50': np.float64(0.158), 'hit@80': np.float64(0.4764), 'ndcg@80': np.float64(0.1685)}
2025-11-24 05:51:15.796 | INFO     | trainer_film_pur1:_train_one_epoch:203 - Epoch 31 [336.14s]: Train loss: 0.0356
2025-11-24 05:51:35.219 | INFO     | trainer_film_pur1:evaluate_recommendation:249 - Validate Recommendation results: {'hit@10': np.float64(0.2632), 'ndcg@10': np.float64(0.1451), 'hit@20': np.float64(0.3555), 'ndcg@20': np.float64(0.1684), 'hit@50': np.float64(0.4801), 'ndcg@50': np.float64(0.1932), 'hit@80': np.float64(0.54), 'ndcg@80': np.float64(0.2032)}
2025-11-24 05:52:18.518 | INFO     | trainer_film_pur1:evaluate_recommendation:249 - Test Recommendation results: {'hit@10': np.float64(0.2172), 'ndcg@10': np.float64(0.1161), 'hit@20': np.float64(0.3007), 'ndcg@20': np.float64(0.1371), 'hit@50': np.float64(0.4206), 'ndcg@50': np.float64(0.161), 'hit@80': np.float64(0.4816), 'ndcg@80': np.float64(0.1711)}
2025-11-24 05:52:40.699 | INFO     | trainer_film_pur1:train_model:138 - New best model found at epoch 31!
2025-11-24 05:58:15.829 | INFO     | trainer_film_pur1:_train_one_epoch:203 - Epoch 32 [335.13s]: Train loss: 0.0356
2025-11-24 05:58:35.888 | INFO     | trainer_film_pur1:evaluate_recommendation:249 - Validate Recommendation results: {'hit@10': np.float64(0.263), 'ndcg@10': np.float64(0.1445), 'hit@20': np.float64(0.3525), 'ndcg@20': np.float64(0.167), 'hit@50': np.float64(0.4798), 'ndcg@50': np.float64(0.1923), 'hit@80': np.float64(0.5405), 'ndcg@80': np.float64(0.2024)}
2025-11-24 05:59:17.741 | INFO     | trainer_film_pur1:evaluate_recommendation:249 - Test Recommendation results: {'hit@10': np.float64(0.215), 'ndcg@10': np.float64(0.1154), 'hit@20': np.float64(0.2999), 'ndcg@20': np.float64(0.1369), 'hit@50': np.float64(0.4192), 'ndcg@50': np.float64(0.1606), 'hit@80': np.float64(0.4799), 'ndcg@80': np.float64(0.1707)}
2025-11-24 06:05:17.475 | INFO     | trainer_film_pur1:_train_one_epoch:203 - Epoch 33 [337.48s]: Train loss: 0.0355
2025-11-24 06:05:38.304 | INFO     | trainer_film_pur1:evaluate_recommendation:249 - Validate Recommendation results: {'hit@10': np.float64(0.2617), 'ndcg@10': np.float64(0.1438), 'hit@20': np.float64(0.3523), 'ndcg@20': np.float64(0.1667), 'hit@50': np.float64(0.4792), 'ndcg@50': np.float64(0.1919), 'hit@80': np.float64(0.5409), 'ndcg@80': np.float64(0.2022)}
2025-11-24 06:06:20.094 | INFO     | trainer_film_pur1:evaluate_recommendation:249 - Test Recommendation results: {'hit@10': np.float64(0.2192), 'ndcg@10': np.float64(0.1172), 'hit@20': np.float64(0.3018), 'ndcg@20': np.float64(0.138), 'hit@50': np.float64(0.4181), 'ndcg@50': np.float64(0.1611), 'hit@80': np.float64(0.4806), 'ndcg@80': np.float64(0.1715)}
2025-11-24 06:12:17.299 | INFO     | trainer_film_pur1:_train_one_epoch:203 - Epoch 34 [335.08s]: Train loss: 0.0355
2025-11-24 06:12:37.951 | INFO     | trainer_film_pur1:evaluate_recommendation:249 - Validate Recommendation results: {'hit@10': np.float64(0.2624), 'ndcg@10': np.float64(0.1438), 'hit@20': np.float64(0.3523), 'ndcg@20': np.float64(0.1664), 'hit@50': np.float64(0.479), 'ndcg@50': np.float64(0.1916), 'hit@80': np.float64(0.538), 'ndcg@80': np.float64(0.2015)}
2025-11-24 06:13:20.692 | INFO     | trainer_film_pur1:evaluate_recommendation:249 - Test Recommendation results: {'hit@10': np.float64(0.2138), 'ndcg@10': np.float64(0.1142), 'hit@20': np.float64(0.2979), 'ndcg@20': np.float64(0.1354), 'hit@50': np.float64(0.4185), 'ndcg@50': np.float64(0.1594), 'hit@80': np.float64(0.4783), 'ndcg@80': np.float64(0.1694)}
2025-11-24 06:19:19.072 | INFO     | trainer_film_pur1:_train_one_epoch:203 - Epoch 35 [336.02s]: Train loss: 0.0355
2025-11-24 06:19:38.976 | INFO     | trainer_film_pur1:evaluate_recommendation:249 - Validate Recommendation results: {'hit@10': np.float64(0.2565), 'ndcg@10': np.float64(0.1416), 'hit@20': np.float64(0.346), 'ndcg@20': np.float64(0.1642), 'hit@50': np.float64(0.4705), 'ndcg@50': np.float64(0.189), 'hit@80': np.float64(0.5307), 'ndcg@80': np.float64(0.199)}
2025-11-24 06:20:20.418 | INFO     | trainer_film_pur1:evaluate_recommendation:249 - Test Recommendation results: {'hit@10': np.float64(0.2098), 'ndcg@10': np.float64(0.1124), 'hit@20': np.float64(0.2918), 'ndcg@20': np.float64(0.1331), 'hit@50': np.float64(0.4078), 'ndcg@50': np.float64(0.1562), 'hit@80': np.float64(0.4692), 'ndcg@80': np.float64(0.1664)}
2025-11-24 06:20:42.646 | INFO     | trainer_film_pur1:train_model:142 - Early stopping at epoch 35.
2025-11-24 06:20:42.740 | INFO     | trainer_film_pur1:save_model:372 - Model saved to ./check_point_evaluate/TRIB-MBR_Full_taobao2025-11-23_21_53_52.pth
2025-11-24 06:20:42.741 | INFO     | trainer_film_pur1:train_model:147 - Training finished. Best epoch: 31
2025-11-24 06:20:42.741 | INFO     | trainer_film_pur1:train_model:148 - Validation: {'hit@10': np.float64(0.2632), 'ndcg@10': np.float64(0.1451), 'hit@20': np.float64(0.3555), 'ndcg@20': np.float64(0.1684), 'hit@50': np.float64(0.4801), 'ndcg@50': np.float64(0.1932), 'hit@80': np.float64(0.54), 'ndcg@80': np.float64(0.2032)}, Test: {'hit@10': np.float64(0.2172), 'ndcg@10': np.float64(0.1161), 'hit@20': np.float64(0.3007), 'ndcg@20': np.float64(0.1371), 'hit@50': np.float64(0.4206), 'ndcg@50': np.float64(0.161), 'hit@80': np.float64(0.4816), 'ndcg@80': np.float64(0.1711)}
