2025-11-24 19:52:54.871 | INFO     | __main__:run_single_trial:119 - ======================================================================
2025-11-24 19:52:54.871 | INFO     | __main__:run_single_trial:120 - Enhanced Experiment Settings (Memory-Optimized + FIXED)
2025-11-24 19:52:54.871 | INFO     | __main__:run_single_trial:121 - ======================================================================
2025-11-24 19:52:54.872 | INFO     | __main__:run_single_trial:123 -   embedding_size: 128
2025-11-24 19:52:54.872 | INFO     | __main__:run_single_trial:123 -   layers: 2
2025-11-24 19:52:54.873 | INFO     | __main__:run_single_trial:123 -   num_heads: 2
2025-11-24 19:52:54.873 | INFO     | __main__:run_single_trial:123 -   gradient_accumulation_steps: 2
2025-11-24 19:52:54.873 | INFO     | __main__:run_single_trial:123 -   gcn_batch_size: 2048
2025-11-24 19:52:54.873 | INFO     | __main__:run_single_trial:123 -   embed_batch_size: 2048
2025-11-24 19:52:54.873 | INFO     | __main__:run_single_trial:123 -   freeze_gcn_after: -1
2025-11-24 19:52:54.873 | INFO     | __main__:run_single_trial:123 -   mixed_precision: False
2025-11-24 19:52:54.874 | INFO     | __main__:run_single_trial:123 -   pin_memory: True
2025-11-24 19:52:54.874 | INFO     | __main__:run_single_trial:123 -   purchase_weight: 0.27
2025-11-24 19:52:54.874 | INFO     | __main__:run_single_trial:123 -   lr: 0.0005
2025-11-24 19:52:54.874 | INFO     | __main__:run_single_trial:123 -   decay: 0.0001
2025-11-24 19:52:54.874 | INFO     | __main__:run_single_trial:123 -   reg_weight: 0.0001
2025-11-24 19:52:54.874 | INFO     | __main__:run_single_trial:123 -   log_reg: 0.7
2025-11-24 19:52:54.875 | INFO     | __main__:run_single_trial:123 -   node_dropout: 0.4
2025-11-24 19:52:54.875 | INFO     | __main__:run_single_trial:123 -   message_dropout: 0.1
2025-11-24 19:52:54.875 | INFO     | __main__:run_single_trial:123 -   batch_size: 1024
2025-11-24 19:52:54.875 | INFO     | __main__:run_single_trial:123 -   epochs: 200
2025-11-24 19:52:54.875 | INFO     | __main__:run_single_trial:123 -   patience: 3
2025-11-24 19:52:54.875 | INFO     | __main__:run_single_trial:123 -   data_name: tmall
2025-11-24 19:52:54.876 | INFO     | __main__:run_single_trial:123 -   neg_count: 8
2025-11-24 19:52:54.876 | INFO     | __main__:run_single_trial:123 -   topk: [10, 20, 50, 80]
2025-11-24 19:52:54.876 | INFO     | __main__:run_single_trial:123 -   metrics: ['hit', 'ndcg']
2025-11-24 19:52:54.876 | INFO     | __main__:run_single_trial:123 -   test_batch_size: 1024
2025-11-24 19:52:54.876 | INFO     | __main__:run_single_trial:123 -   gpu_no: 1
2025-11-24 19:52:54.876 | INFO     | __main__:run_single_trial:123 -   device: cuda:0
2025-11-24 19:52:54.876 | INFO     | __main__:run_single_trial:123 -   model_path: ./check_point
2025-11-24 19:52:54.877 | INFO     | __main__:run_single_trial:123 -   model_name: SCORE
2025-11-24 19:52:54.877 | INFO     | __main__:run_single_trial:123 -   if_load_model: False
2025-11-24 19:52:54.877 | INFO     | __main__:run_single_trial:123 -   check_point: 
2025-11-24 19:52:54.877 | INFO     | __main__:run_single_trial:123 -   tune: False
2025-11-24 19:52:54.877 | INFO     | __main__:run_single_trial:123 -   n_trials: 50
2025-11-24 19:52:54.877 | INFO     | __main__:run_single_trial:123 -   metric_decimals: 6
2025-11-24 19:52:54.877 | INFO     | __main__:run_single_trial:123 -   data_path: ./data/Tmall
2025-11-24 19:52:54.877 | INFO     | __main__:run_single_trial:123 -   behaviors: ['click', 'collect', 'cart', 'buy']
2025-11-24 19:52:54.878 | INFO     | __main__:run_single_trial:123 -   disable_tqdm: False
2025-11-24 19:52:54.878 | INFO     | __main__:run_single_trial:123 -   TIME: 2025-11-24_19_52_54
2025-11-24 19:52:54.878 | INFO     | __main__:run_single_trial:124 - ======================================================================
2025-11-24 19:52:54.934 | INFO     | __main__:run_single_trial:132 - GPU Memory: 11.54 GB
2025-11-24 19:52:54.935 | INFO     | __main__:run_single_trial:133 - CUDA Version: 12.1
2025-11-24 19:54:58.628 | INFO     | trainer_film_pur1:_prepare_purchase_labels:64 - Purchase Labels - Validation: 41314/41314 positive, Test: 29310/29310 positive
2025-11-24 19:54:59.301 | INFO     | __main__:run_single_trial:147 - SCORE(
  (message_dropout): Dropout(p=0.1, inplace=False)
  (user_embedding): Embedding(41739, 128, padding_idx=0)
  (item_embedding): Embedding(11954, 128, padding_idx=0)
  (global_Graph): LightGCN()
  (behavior_Graph): LightGCN()
  (film_gate): FiLMGating(
    (gamma_gen): Sequential(
      (0): Linear(in_features=260, out_features=128, bias=True)
      (1): GELU(approximate='none')
      (2): Dropout(p=0.1, inplace=False)
    )
    (beta_gen): Sequential(
      (0): Linear(in_features=260, out_features=128, bias=True)
      (1): GELU(approximate='none')
      (2): Dropout(p=0.1, inplace=False)
    )
    (gamma_norm): LayerNorm((128,), eps=1e-05, elementwise_affine=True)
  )
  (calibration_module): SemanticStructuralCalibration(
    (W_Q): Linear(in_features=128, out_features=128, bias=True)
    (W_K): Linear(in_features=128, out_features=128, bias=True)
    (W_V): Linear(in_features=128, out_features=128, bias=True)
    (layer_norm1): LayerNorm((128,), eps=1e-05, elementwise_affine=True)
    (ffn): Sequential(
      (0): Linear(in_features=128, out_features=512, bias=True)
      (1): GELU(approximate='none')
      (2): Dropout(p=0.1, inplace=False)
      (3): Linear(in_features=512, out_features=128, bias=True)
    )
    (layer_norm2): LayerNorm((128,), eps=1e-05, elementwise_affine=True)
    (dropout): Dropout(p=0.1, inplace=False)
  )
  (purchase_predictor): Sequential(
    (0): Linear(in_features=260, out_features=256, bias=True)
    (1): ReLU()
    (2): Dropout(p=0.1, inplace=False)
    (3): Linear(in_features=256, out_features=128, bias=True)
    (4): ReLU()
    (5): Linear(in_features=128, out_features=1, bias=True)
    (6): Sigmoid()
  )
  (bpr_loss): BPRLoss()
  (emb_loss): EmbLoss()
  (cross_loss): BCELoss()
  (purchase_loss): BCELoss()
)
2025-11-24 19:54:59.302 | INFO     | __main__:run_single_trial:148 - Number of trainable parameters: 7420569
2025-11-24 20:18:14.384 | INFO     | trainer_film_pur1:_train_one_epoch:203 - Epoch 1 [1395.07s]: Train loss: 0.2106
2025-11-24 20:18:26.514 | INFO     | trainer_film_pur1:evaluate_recommendation:249 - Validate Recommendation results: {'hit@10': np.float64(0.1162), 'ndcg@10': np.float64(0.0464), 'hit@20': np.float64(0.1593), 'ndcg@20': np.float64(0.0547), 'hit@50': np.float64(0.2357), 'ndcg@50': np.float64(0.0667), 'hit@80': np.float64(0.2841), 'ndcg@80': np.float64(0.0735)}
2025-11-24 20:22:34.858 | INFO     | trainer_film_pur1:evaluate_recommendation:249 - Test Recommendation results: {'hit@10': np.float64(0.1049), 'ndcg@10': np.float64(0.0569), 'hit@20': np.float64(0.1469), 'ndcg@20': np.float64(0.0672), 'hit@50': np.float64(0.2223), 'ndcg@50': np.float64(0.0818), 'hit@80': np.float64(0.269), 'ndcg@80': np.float64(0.0894)}
2025-11-24 20:24:59.320 | INFO     | trainer_film_pur1:train_model:138 - New best model found at epoch 1!
2025-11-24 20:45:22.471 | INFO     | trainer_film_pur1:_train_one_epoch:203 - Epoch 2 [1223.15s]: Train loss: 0.1435
2025-11-24 20:45:34.162 | INFO     | trainer_film_pur1:evaluate_recommendation:249 - Validate Recommendation results: {'hit@10': np.float64(0.1339), 'ndcg@10': np.float64(0.0531), 'hit@20': np.float64(0.1831), 'ndcg@20': np.float64(0.0626), 'hit@50': np.float64(0.2646), 'ndcg@50': np.float64(0.0759), 'hit@80': np.float64(0.3144), 'ndcg@80': np.float64(0.0832)}
2025-11-24 20:48:46.815 | INFO     | trainer_film_pur1:evaluate_recommendation:249 - Test Recommendation results: {'hit@10': np.float64(0.119), 'ndcg@10': np.float64(0.0647), 'hit@20': np.float64(0.1666), 'ndcg@20': np.float64(0.0764), 'hit@50': np.float64(0.2499), 'ndcg@50': np.float64(0.0925), 'hit@80': np.float64(0.3032), 'ndcg@80': np.float64(0.1012)}
2025-11-24 20:50:54.953 | INFO     | trainer_film_pur1:train_model:138 - New best model found at epoch 2!
2025-11-24 21:11:04.116 | INFO     | trainer_film_pur1:_train_one_epoch:203 - Epoch 3 [1209.16s]: Train loss: 0.1288
2025-11-24 21:11:16.416 | INFO     | trainer_film_pur1:evaluate_recommendation:249 - Validate Recommendation results: {'hit@10': np.float64(0.149), 'ndcg@10': np.float64(0.0601), 'hit@20': np.float64(0.2042), 'ndcg@20': np.float64(0.0711), 'hit@50': np.float64(0.2912), 'ndcg@50': np.float64(0.0854), 'hit@80': np.float64(0.3418), 'ndcg@80': np.float64(0.093)}
2025-11-24 21:12:52.086 | INFO     | trainer_film_pur1:evaluate_recommendation:249 - Test Recommendation results: {'hit@10': np.float64(0.1342), 'ndcg@10': np.float64(0.0729), 'hit@20': np.float64(0.1878), 'ndcg@20': np.float64(0.086), 'hit@50': np.float64(0.2751), 'ndcg@50': np.float64(0.1029), 'hit@80': np.float64(0.3274), 'ndcg@80': np.float64(0.1115)}
2025-11-24 21:13:47.653 | INFO     | trainer_film_pur1:train_model:138 - New best model found at epoch 3!
2025-11-24 21:29:19.550 | INFO     | trainer_film_pur1:_train_one_epoch:203 - Epoch 4 [931.90s]: Train loss: 0.1196
2025-11-24 21:29:30.806 | INFO     | trainer_film_pur1:evaluate_recommendation:249 - Validate Recommendation results: {'hit@10': np.float64(0.1599), 'ndcg@10': np.float64(0.0644), 'hit@20': np.float64(0.2171), 'ndcg@20': np.float64(0.076), 'hit@50': np.float64(0.3063), 'ndcg@50': np.float64(0.091), 'hit@80': np.float64(0.3573), 'ndcg@80': np.float64(0.099)}
2025-11-24 21:30:52.485 | INFO     | trainer_film_pur1:evaluate_recommendation:249 - Test Recommendation results: {'hit@10': np.float64(0.1438), 'ndcg@10': np.float64(0.0784), 'hit@20': np.float64(0.1994), 'ndcg@20': np.float64(0.0921), 'hit@50': np.float64(0.2932), 'ndcg@50': np.float64(0.1103), 'hit@80': np.float64(0.3499), 'ndcg@80': np.float64(0.1196)}
2025-11-24 21:31:44.114 | INFO     | trainer_film_pur1:train_model:138 - New best model found at epoch 4!
2025-11-24 21:48:05.749 | INFO     | trainer_film_pur1:_train_one_epoch:203 - Epoch 5 [981.63s]: Train loss: 0.1127
2025-11-24 21:48:17.072 | INFO     | trainer_film_pur1:evaluate_recommendation:249 - Validate Recommendation results: {'hit@10': np.float64(0.1672), 'ndcg@10': np.float64(0.0665), 'hit@20': np.float64(0.2264), 'ndcg@20': np.float64(0.0786), 'hit@50': np.float64(0.3173), 'ndcg@50': np.float64(0.0941), 'hit@80': np.float64(0.3701), 'ndcg@80': np.float64(0.1024)}
2025-11-24 21:49:39.129 | INFO     | trainer_film_pur1:evaluate_recommendation:249 - Test Recommendation results: {'hit@10': np.float64(0.1499), 'ndcg@10': np.float64(0.0816), 'hit@20': np.float64(0.2083), 'ndcg@20': np.float64(0.096), 'hit@50': np.float64(0.3052), 'ndcg@50': np.float64(0.1147), 'hit@80': np.float64(0.3609), 'ndcg@80': np.float64(0.1238)}
2025-11-24 21:50:10.624 | INFO     | trainer_film_pur1:train_model:138 - New best model found at epoch 5!
2025-11-24 22:06:40.229 | INFO     | trainer_film_pur1:_train_one_epoch:203 - Epoch 6 [989.60s]: Train loss: 0.1069
2025-11-24 22:06:52.412 | INFO     | trainer_film_pur1:evaluate_recommendation:249 - Validate Recommendation results: {'hit@10': np.float64(0.178), 'ndcg@10': np.float64(0.0715), 'hit@20': np.float64(0.2403), 'ndcg@20': np.float64(0.0844), 'hit@50': np.float64(0.3316), 'ndcg@50': np.float64(0.1005), 'hit@80': np.float64(0.3853), 'ndcg@80': np.float64(0.109)}
2025-11-24 22:10:03.721 | INFO     | trainer_film_pur1:evaluate_recommendation:249 - Test Recommendation results: {'hit@10': np.float64(0.1626), 'ndcg@10': np.float64(0.0877), 'hit@20': np.float64(0.2248), 'ndcg@20': np.float64(0.103), 'hit@50': np.float64(0.3228), 'ndcg@50': np.float64(0.122), 'hit@80': np.float64(0.3816), 'ndcg@80': np.float64(0.1316)}
2025-11-24 22:12:15.063 | INFO     | trainer_film_pur1:train_model:138 - New best model found at epoch 6!
2025-11-24 22:32:24.746 | INFO     | trainer_film_pur1:_train_one_epoch:203 - Epoch 7 [1209.68s]: Train loss: 0.1020
2025-11-24 22:32:36.310 | INFO     | trainer_film_pur1:evaluate_recommendation:249 - Validate Recommendation results: {'hit@10': np.float64(0.186), 'ndcg@10': np.float64(0.0738), 'hit@20': np.float64(0.2506), 'ndcg@20': np.float64(0.0872), 'hit@50': np.float64(0.3453), 'ndcg@50': np.float64(0.1042), 'hit@80': np.float64(0.3965), 'ndcg@80': np.float64(0.1126)}
2025-11-24 22:35:48.671 | INFO     | trainer_film_pur1:evaluate_recommendation:249 - Test Recommendation results: {'hit@10': np.float64(0.1659), 'ndcg@10': np.float64(0.0904), 'hit@20': np.float64(0.2325), 'ndcg@20': np.float64(0.1068), 'hit@50': np.float64(0.3352), 'ndcg@50': np.float64(0.1268), 'hit@80': np.float64(0.3953), 'ndcg@80': np.float64(0.1367)}
2025-11-24 22:36:59.354 | INFO     | trainer_film_pur1:train_model:138 - New best model found at epoch 7!
2025-11-24 22:56:52.528 | INFO     | trainer_film_pur1:_train_one_epoch:203 - Epoch 8 [1193.17s]: Train loss: 0.0971
2025-11-24 22:57:04.004 | INFO     | trainer_film_pur1:evaluate_recommendation:249 - Validate Recommendation results: {'hit@10': np.float64(0.1882), 'ndcg@10': np.float64(0.0756), 'hit@20': np.float64(0.2551), 'ndcg@20': np.float64(0.0894), 'hit@50': np.float64(0.3512), 'ndcg@50': np.float64(0.1066), 'hit@80': np.float64(0.4048), 'ndcg@80': np.float64(0.1154)}
2025-11-24 22:58:36.108 | INFO     | trainer_film_pur1:evaluate_recommendation:249 - Test Recommendation results: {'hit@10': np.float64(0.1704), 'ndcg@10': np.float64(0.0921), 'hit@20': np.float64(0.2374), 'ndcg@20': np.float64(0.1085), 'hit@50': np.float64(0.3433), 'ndcg@50': np.float64(0.1291), 'hit@80': np.float64(0.4046), 'ndcg@80': np.float64(0.1393)}
2025-11-24 22:59:32.453 | INFO     | trainer_film_pur1:train_model:138 - New best model found at epoch 8!
2025-11-24 23:20:33.243 | INFO     | trainer_film_pur1:_train_one_epoch:203 - Epoch 9 [1260.79s]: Train loss: 0.0933
2025-11-24 23:20:44.646 | INFO     | trainer_film_pur1:evaluate_recommendation:249 - Validate Recommendation results: {'hit@10': np.float64(0.1984), 'ndcg@10': np.float64(0.0792), 'hit@20': np.float64(0.2676), 'ndcg@20': np.float64(0.0937), 'hit@50': np.float64(0.3652), 'ndcg@50': np.float64(0.1114), 'hit@80': np.float64(0.4177), 'ndcg@80': np.float64(0.1203)}
2025-11-24 23:22:21.663 | INFO     | trainer_film_pur1:evaluate_recommendation:249 - Test Recommendation results: {'hit@10': np.float64(0.1772), 'ndcg@10': np.float64(0.0969), 'hit@20': np.float64(0.2439), 'ndcg@20': np.float64(0.1132), 'hit@50': np.float64(0.3567), 'ndcg@50': np.float64(0.1352), 'hit@80': np.float64(0.4198), 'ndcg@80': np.float64(0.1456)}
2025-11-24 23:24:31.645 | INFO     | trainer_film_pur1:train_model:138 - New best model found at epoch 9!
2025-11-24 23:44:03.695 | INFO     | trainer_film_pur1:_train_one_epoch:203 - Epoch 10 [1172.05s]: Train loss: 0.0897
2025-11-24 23:44:15.512 | INFO     | trainer_film_pur1:evaluate_recommendation:249 - Validate Recommendation results: {'hit@10': np.float64(0.2053), 'ndcg@10': np.float64(0.0823), 'hit@20': np.float64(0.277), 'ndcg@20': np.float64(0.0975), 'hit@50': np.float64(0.3776), 'ndcg@50': np.float64(0.116), 'hit@80': np.float64(0.4317), 'ndcg@80': np.float64(0.1251)}
2025-11-24 23:47:28.963 | INFO     | trainer_film_pur1:evaluate_recommendation:249 - Test Recommendation results: {'hit@10': np.float64(0.1836), 'ndcg@10': np.float64(0.099), 'hit@20': np.float64(0.2569), 'ndcg@20': np.float64(0.117), 'hit@50': np.float64(0.369), 'ndcg@50': np.float64(0.1389), 'hit@80': np.float64(0.4344), 'ndcg@80': np.float64(0.1497)}
2025-11-24 23:49:38.591 | INFO     | trainer_film_pur1:train_model:138 - New best model found at epoch 10!
2025-11-25 00:09:26.849 | INFO     | trainer_film_pur1:_train_one_epoch:203 - Epoch 11 [1188.26s]: Train loss: 0.0865
2025-11-25 00:09:38.606 | INFO     | trainer_film_pur1:evaluate_recommendation:249 - Validate Recommendation results: {'hit@10': np.float64(0.2087), 'ndcg@10': np.float64(0.0825), 'hit@20': np.float64(0.2787), 'ndcg@20': np.float64(0.0974), 'hit@50': np.float64(0.3805), 'ndcg@50': np.float64(0.1161), 'hit@80': np.float64(0.4348), 'ndcg@80': np.float64(0.1255)}
2025-11-25 00:12:49.120 | INFO     | trainer_film_pur1:evaluate_recommendation:249 - Test Recommendation results: {'hit@10': np.float64(0.1874), 'ndcg@10': np.float64(0.1002), 'hit@20': np.float64(0.2603), 'ndcg@20': np.float64(0.1181), 'hit@50': np.float64(0.376), 'ndcg@50': np.float64(0.1407), 'hit@80': np.float64(0.4414), 'ndcg@80': np.float64(0.1515)}
2025-11-25 00:13:59.166 | INFO     | trainer_film_pur1:train_model:138 - New best model found at epoch 11!
2025-11-25 00:39:16.998 | INFO     | trainer_film_pur1:_train_one_epoch:203 - Epoch 12 [1517.83s]: Train loss: 0.0841
2025-11-25 00:39:28.975 | INFO     | trainer_film_pur1:evaluate_recommendation:249 - Validate Recommendation results: {'hit@10': np.float64(0.2125), 'ndcg@10': np.float64(0.0847), 'hit@20': np.float64(0.2861), 'ndcg@20': np.float64(0.1005), 'hit@50': np.float64(0.3888), 'ndcg@50': np.float64(0.1196), 'hit@80': np.float64(0.4437), 'ndcg@80': np.float64(0.129)}
2025-11-25 00:41:02.500 | INFO     | trainer_film_pur1:evaluate_recommendation:249 - Test Recommendation results: {'hit@10': np.float64(0.1893), 'ndcg@10': np.float64(0.101), 'hit@20': np.float64(0.2671), 'ndcg@20': np.float64(0.1201), 'hit@50': np.float64(0.3885), 'ndcg@50': np.float64(0.1439), 'hit@80': np.float64(0.4534), 'ndcg@80': np.float64(0.1546)}
2025-11-25 00:43:07.738 | INFO     | trainer_film_pur1:train_model:138 - New best model found at epoch 12!
2025-11-25 01:07:45.460 | INFO     | trainer_film_pur1:_train_one_epoch:203 - Epoch 13 [1477.72s]: Train loss: 0.0816
2025-11-25 01:07:57.350 | INFO     | trainer_film_pur1:evaluate_recommendation:249 - Validate Recommendation results: {'hit@10': np.float64(0.2148), 'ndcg@10': np.float64(0.0859), 'hit@20': np.float64(0.2871), 'ndcg@20': np.float64(0.1013), 'hit@50': np.float64(0.3934), 'ndcg@50': np.float64(0.1212), 'hit@80': np.float64(0.4471), 'ndcg@80': np.float64(0.1307)}
2025-11-25 01:11:19.176 | INFO     | trainer_film_pur1:evaluate_recommendation:249 - Test Recommendation results: {'hit@10': np.float64(0.1941), 'ndcg@10': np.float64(0.1033), 'hit@20': np.float64(0.2694), 'ndcg@20': np.float64(0.1218), 'hit@50': np.float64(0.3892), 'ndcg@50': np.float64(0.1452), 'hit@80': np.float64(0.458), 'ndcg@80': np.float64(0.1566)}
2025-11-25 01:13:36.956 | INFO     | trainer_film_pur1:train_model:138 - New best model found at epoch 13!
2025-11-25 01:37:00.267 | INFO     | trainer_film_pur1:_train_one_epoch:203 - Epoch 14 [1403.31s]: Train loss: 0.0794
2025-11-25 01:37:12.146 | INFO     | trainer_film_pur1:evaluate_recommendation:249 - Validate Recommendation results: {'hit@10': np.float64(0.2167), 'ndcg@10': np.float64(0.0869), 'hit@20': np.float64(0.2937), 'ndcg@20': np.float64(0.1035), 'hit@50': np.float64(0.4021), 'ndcg@50': np.float64(0.1235), 'hit@80': np.float64(0.4567), 'ndcg@80': np.float64(0.1333)}
2025-11-25 01:40:35.932 | INFO     | trainer_film_pur1:evaluate_recommendation:249 - Test Recommendation results: {'hit@10': np.float64(0.1936), 'ndcg@10': np.float64(0.1032), 'hit@20': np.float64(0.2721), 'ndcg@20': np.float64(0.1225), 'hit@50': np.float64(0.3947), 'ndcg@50': np.float64(0.1465), 'hit@80': np.float64(0.4635), 'ndcg@80': np.float64(0.1579)}
2025-11-25 01:44:25.810 | INFO     | trainer_film_pur1:train_model:138 - New best model found at epoch 14!
2025-11-25 02:07:06.285 | INFO     | trainer_film_pur1:_train_one_epoch:203 - Epoch 15 [1360.47s]: Train loss: 0.0780
2025-11-25 02:07:18.382 | INFO     | trainer_film_pur1:evaluate_recommendation:249 - Validate Recommendation results: {'hit@10': np.float64(0.2217), 'ndcg@10': np.float64(0.0884), 'hit@20': np.float64(0.2975), 'ndcg@20': np.float64(0.1049), 'hit@50': np.float64(0.4054), 'ndcg@50': np.float64(0.1252), 'hit@80': np.float64(0.4586), 'ndcg@80': np.float64(0.1347)}
2025-11-25 02:12:57.978 | INFO     | trainer_film_pur1:evaluate_recommendation:249 - Test Recommendation results: {'hit@10': np.float64(0.2001), 'ndcg@10': np.float64(0.1054), 'hit@20': np.float64(0.276), 'ndcg@20': np.float64(0.1241), 'hit@50': np.float64(0.3999), 'ndcg@50': np.float64(0.1483), 'hit@80': np.float64(0.4686), 'ndcg@80': np.float64(0.1597)}
2025-11-25 02:15:22.728 | INFO     | trainer_film_pur1:train_model:138 - New best model found at epoch 15!
2025-11-25 02:40:05.220 | INFO     | trainer_film_pur1:_train_one_epoch:203 - Epoch 16 [1482.49s]: Train loss: 0.0767
2025-11-25 02:40:17.512 | INFO     | trainer_film_pur1:evaluate_recommendation:249 - Validate Recommendation results: {'hit@10': np.float64(0.2237), 'ndcg@10': np.float64(0.0896), 'hit@20': np.float64(0.3013), 'ndcg@20': np.float64(0.1063), 'hit@50': np.float64(0.4069), 'ndcg@50': np.float64(0.1265), 'hit@80': np.float64(0.461), 'ndcg@80': np.float64(0.1363)}
2025-11-25 02:42:23.865 | INFO     | trainer_film_pur1:evaluate_recommendation:249 - Test Recommendation results: {'hit@10': np.float64(0.2005), 'ndcg@10': np.float64(0.1068), 'hit@20': np.float64(0.2791), 'ndcg@20': np.float64(0.1261), 'hit@50': np.float64(0.402), 'ndcg@50': np.float64(0.1502), 'hit@80': np.float64(0.4735), 'ndcg@80': np.float64(0.1621)}
2025-11-25 02:44:35.081 | INFO     | trainer_film_pur1:train_model:138 - New best model found at epoch 16!
2025-11-25 03:09:12.167 | INFO     | trainer_film_pur1:_train_one_epoch:203 - Epoch 17 [1477.09s]: Train loss: 0.0755
2025-11-25 03:09:24.792 | INFO     | trainer_film_pur1:evaluate_recommendation:249 - Validate Recommendation results: {'hit@10': np.float64(0.223), 'ndcg@10': np.float64(0.0888), 'hit@20': np.float64(0.3003), 'ndcg@20': np.float64(0.1056), 'hit@50': np.float64(0.4104), 'ndcg@50': np.float64(0.1265), 'hit@80': np.float64(0.4629), 'ndcg@80': np.float64(0.136)}
2025-11-25 03:12:50.988 | INFO     | trainer_film_pur1:evaluate_recommendation:249 - Test Recommendation results: {'hit@10': np.float64(0.2013), 'ndcg@10': np.float64(0.1065), 'hit@20': np.float64(0.2834), 'ndcg@20': np.float64(0.1267), 'hit@50': np.float64(0.4076), 'ndcg@50': np.float64(0.1511), 'hit@80': np.float64(0.4766), 'ndcg@80': np.float64(0.1625)}
2025-11-25 03:38:29.024 | INFO     | trainer_film_pur1:_train_one_epoch:203 - Epoch 18 [1433.83s]: Train loss: 0.0743
2025-11-25 03:38:40.562 | INFO     | trainer_film_pur1:evaluate_recommendation:249 - Validate Recommendation results: {'hit@10': np.float64(0.2249), 'ndcg@10': np.float64(0.0896), 'hit@20': np.float64(0.303), 'ndcg@20': np.float64(0.1065), 'hit@50': np.float64(0.4117), 'ndcg@50': np.float64(0.1274), 'hit@80': np.float64(0.4673), 'ndcg@80': np.float64(0.1374)}
2025-11-25 03:41:17.398 | INFO     | trainer_film_pur1:evaluate_recommendation:249 - Test Recommendation results: {'hit@10': np.float64(0.204), 'ndcg@10': np.float64(0.1082), 'hit@20': np.float64(0.2845), 'ndcg@20': np.float64(0.128), 'hit@50': np.float64(0.4106), 'ndcg@50': np.float64(0.1527), 'hit@80': np.float64(0.4827), 'ndcg@80': np.float64(0.1647)}
2025-11-25 03:43:33.533 | INFO     | trainer_film_pur1:train_model:138 - New best model found at epoch 18!
2025-11-25 04:07:03.452 | INFO     | trainer_film_pur1:_train_one_epoch:203 - Epoch 19 [1409.92s]: Train loss: 0.0735
2025-11-25 04:07:14.831 | INFO     | trainer_film_pur1:evaluate_recommendation:249 - Validate Recommendation results: {'hit@10': np.float64(0.2247), 'ndcg@10': np.float64(0.0895), 'hit@20': np.float64(0.3031), 'ndcg@20': np.float64(0.1062), 'hit@50': np.float64(0.4139), 'ndcg@50': np.float64(0.1274), 'hit@80': np.float64(0.4687), 'ndcg@80': np.float64(0.1375)}
2025-11-25 04:10:38.249 | INFO     | trainer_film_pur1:evaluate_recommendation:249 - Test Recommendation results: {'hit@10': np.float64(0.2032), 'ndcg@10': np.float64(0.1074), 'hit@20': np.float64(0.2847), 'ndcg@20': np.float64(0.1275), 'hit@50': np.float64(0.4137), 'ndcg@50': np.float64(0.1527), 'hit@80': np.float64(0.4867), 'ndcg@80': np.float64(0.1649)}
2025-11-25 04:37:32.787 | INFO     | trainer_film_pur1:_train_one_epoch:203 - Epoch 20 [1476.28s]: Train loss: 0.0728
2025-11-25 04:37:44.566 | INFO     | trainer_film_pur1:evaluate_recommendation:249 - Validate Recommendation results: {'hit@10': np.float64(0.2208), 'ndcg@10': np.float64(0.088), 'hit@20': np.float64(0.3009), 'ndcg@20': np.float64(0.1052), 'hit@50': np.float64(0.4113), 'ndcg@50': np.float64(0.1262), 'hit@80': np.float64(0.4687), 'ndcg@80': np.float64(0.1368)}
2025-11-25 04:40:32.008 | INFO     | trainer_film_pur1:evaluate_recommendation:249 - Test Recommendation results: {'hit@10': np.float64(0.2012), 'ndcg@10': np.float64(0.1056), 'hit@20': np.float64(0.2841), 'ndcg@20': np.float64(0.1259), 'hit@50': np.float64(0.4141), 'ndcg@50': np.float64(0.1515), 'hit@80': np.float64(0.4861), 'ndcg@80': np.float64(0.1634)}
2025-11-25 05:02:24.711 | INFO     | trainer_film_pur1:_train_one_epoch:203 - Epoch 21 [1237.86s]: Train loss: 0.0719
2025-11-25 05:02:36.986 | INFO     | trainer_film_pur1:evaluate_recommendation:249 - Validate Recommendation results: {'hit@10': np.float64(0.2252), 'ndcg@10': np.float64(0.0891), 'hit@20': np.float64(0.3056), 'ndcg@20': np.float64(0.1065), 'hit@50': np.float64(0.4153), 'ndcg@50': np.float64(0.1277), 'hit@80': np.float64(0.4729), 'ndcg@80': np.float64(0.138)}
2025-11-25 05:05:37.486 | INFO     | trainer_film_pur1:evaluate_recommendation:249 - Test Recommendation results: {'hit@10': np.float64(0.2079), 'ndcg@10': np.float64(0.1091), 'hit@20': np.float64(0.29), 'ndcg@20': np.float64(0.1295), 'hit@50': np.float64(0.4212), 'ndcg@50': np.float64(0.1552), 'hit@80': np.float64(0.4954), 'ndcg@80': np.float64(0.1675)}
2025-11-25 05:06:35.206 | INFO     | trainer_film_pur1:train_model:138 - New best model found at epoch 21!
2025-11-25 05:26:34.132 | INFO     | trainer_film_pur1:_train_one_epoch:203 - Epoch 22 [1198.93s]: Train loss: 0.0714
2025-11-25 05:26:45.523 | INFO     | trainer_film_pur1:evaluate_recommendation:249 - Validate Recommendation results: {'hit@10': np.float64(0.224), 'ndcg@10': np.float64(0.0885), 'hit@20': np.float64(0.3035), 'ndcg@20': np.float64(0.1059), 'hit@50': np.float64(0.4166), 'ndcg@50': np.float64(0.1276), 'hit@80': np.float64(0.4735), 'ndcg@80': np.float64(0.138)}
2025-11-25 05:28:14.107 | INFO     | trainer_film_pur1:evaluate_recommendation:249 - Test Recommendation results: {'hit@10': np.float64(0.2039), 'ndcg@10': np.float64(0.1072), 'hit@20': np.float64(0.2866), 'ndcg@20': np.float64(0.1277), 'hit@50': np.float64(0.4172), 'ndcg@50': np.float64(0.1532), 'hit@80': np.float64(0.4908), 'ndcg@80': np.float64(0.1654)}
2025-11-25 05:49:40.229 | INFO     | trainer_film_pur1:_train_one_epoch:203 - Epoch 23 [1227.09s]: Train loss: 0.0708
2025-11-25 05:49:51.644 | INFO     | trainer_film_pur1:evaluate_recommendation:249 - Validate Recommendation results: {'hit@10': np.float64(0.2257), 'ndcg@10': np.float64(0.0895), 'hit@20': np.float64(0.306), 'ndcg@20': np.float64(0.1071), 'hit@50': np.float64(0.4187), 'ndcg@50': np.float64(0.1286), 'hit@80': np.float64(0.4759), 'ndcg@80': np.float64(0.1391)}
2025-11-25 05:52:33.470 | INFO     | trainer_film_pur1:evaluate_recommendation:249 - Test Recommendation results: {'hit@10': np.float64(0.2039), 'ndcg@10': np.float64(0.1077), 'hit@20': np.float64(0.2878), 'ndcg@20': np.float64(0.1285), 'hit@50': np.float64(0.4186), 'ndcg@50': np.float64(0.1542), 'hit@80': np.float64(0.4946), 'ndcg@80': np.float64(0.1667)}
2025-11-25 05:54:38.458 | INFO     | trainer_film_pur1:train_model:138 - New best model found at epoch 23!
2025-11-25 06:15:16.562 | INFO     | trainer_film_pur1:_train_one_epoch:203 - Epoch 24 [1238.10s]: Train loss: 0.0706
2025-11-25 06:15:28.019 | INFO     | trainer_film_pur1:evaluate_recommendation:249 - Validate Recommendation results: {'hit@10': np.float64(0.2252), 'ndcg@10': np.float64(0.089), 'hit@20': np.float64(0.307), 'ndcg@20': np.float64(0.1067), 'hit@50': np.float64(0.4177), 'ndcg@50': np.float64(0.1282), 'hit@80': np.float64(0.4746), 'ndcg@80': np.float64(0.1386)}
2025-11-25 06:18:37.139 | INFO     | trainer_film_pur1:evaluate_recommendation:249 - Test Recommendation results: {'hit@10': np.float64(0.2048), 'ndcg@10': np.float64(0.1076), 'hit@20': np.float64(0.2902), 'ndcg@20': np.float64(0.1287), 'hit@50': np.float64(0.4198), 'ndcg@50': np.float64(0.1541), 'hit@80': np.float64(0.4901), 'ndcg@80': np.float64(0.1657)}
2025-11-25 06:40:04.381 | INFO     | trainer_film_pur1:_train_one_epoch:203 - Epoch 25 [1178.39s]: Train loss: 0.0697
2025-11-25 06:40:15.862 | INFO     | trainer_film_pur1:evaluate_recommendation:249 - Validate Recommendation results: {'hit@10': np.float64(0.2263), 'ndcg@10': np.float64(0.0891), 'hit@20': np.float64(0.3094), 'ndcg@20': np.float64(0.1071), 'hit@50': np.float64(0.4233), 'ndcg@50': np.float64(0.1292), 'hit@80': np.float64(0.4807), 'ndcg@80': np.float64(0.14)}
2025-11-25 06:43:21.283 | INFO     | trainer_film_pur1:evaluate_recommendation:249 - Test Recommendation results: {'hit@10': np.float64(0.2026), 'ndcg@10': np.float64(0.1074), 'hit@20': np.float64(0.2893), 'ndcg@20': np.float64(0.1287), 'hit@50': np.float64(0.4225), 'ndcg@50': np.float64(0.1549), 'hit@80': np.float64(0.4971), 'ndcg@80': np.float64(0.1673)}
2025-11-25 06:44:26.195 | INFO     | trainer_film_pur1:train_model:138 - New best model found at epoch 25!
2025-11-25 07:04:25.021 | INFO     | trainer_film_pur1:_train_one_epoch:203 - Epoch 26 [1198.83s]: Train loss: 0.0695
2025-11-25 07:04:36.150 | INFO     | trainer_film_pur1:evaluate_recommendation:249 - Validate Recommendation results: {'hit@10': np.float64(0.2292), 'ndcg@10': np.float64(0.0899), 'hit@20': np.float64(0.3104), 'ndcg@20': np.float64(0.1077), 'hit@50': np.float64(0.4227), 'ndcg@50': np.float64(0.1297), 'hit@80': np.float64(0.4778), 'ndcg@80': np.float64(0.14)}
2025-11-25 07:06:06.786 | INFO     | trainer_film_pur1:evaluate_recommendation:249 - Test Recommendation results: {'hit@10': np.float64(0.2087), 'ndcg@10': np.float64(0.1104), 'hit@20': np.float64(0.2939), 'ndcg@20': np.float64(0.1313), 'hit@50': np.float64(0.4278), 'ndcg@50': np.float64(0.1576), 'hit@80': np.float64(0.5017), 'ndcg@80': np.float64(0.1699)}
2025-11-25 07:07:04.684 | INFO     | trainer_film_pur1:train_model:138 - New best model found at epoch 26!
2025-11-25 07:28:10.081 | INFO     | trainer_film_pur1:_train_one_epoch:203 - Epoch 27 [1265.40s]: Train loss: 0.0691
2025-11-25 07:28:21.234 | INFO     | trainer_film_pur1:evaluate_recommendation:249 - Validate Recommendation results: {'hit@10': np.float64(0.2303), 'ndcg@10': np.float64(0.0905), 'hit@20': np.float64(0.313), 'ndcg@20': np.float64(0.1084), 'hit@50': np.float64(0.4259), 'ndcg@50': np.float64(0.1306), 'hit@80': np.float64(0.4826), 'ndcg@80': np.float64(0.1413)}
2025-11-25 07:29:15.356 | INFO     | trainer_film_pur1:evaluate_recommendation:249 - Test Recommendation results: {'hit@10': np.float64(0.2102), 'ndcg@10': np.float64(0.1103), 'hit@20': np.float64(0.2947), 'ndcg@20': np.float64(0.1312), 'hit@50': np.float64(0.4287), 'ndcg@50': np.float64(0.1575), 'hit@80': np.float64(0.5039), 'ndcg@80': np.float64(0.17)}
2025-11-25 07:31:17.504 | INFO     | trainer_film_pur1:train_model:138 - New best model found at epoch 27!
2025-11-25 07:51:55.959 | INFO     | trainer_film_pur1:_train_one_epoch:203 - Epoch 28 [1238.45s]: Train loss: 0.0689
2025-11-25 07:52:07.588 | INFO     | trainer_film_pur1:evaluate_recommendation:249 - Validate Recommendation results: {'hit@10': np.float64(0.2275), 'ndcg@10': np.float64(0.0893), 'hit@20': np.float64(0.3086), 'ndcg@20': np.float64(0.107), 'hit@50': np.float64(0.4239), 'ndcg@50': np.float64(0.1295), 'hit@80': np.float64(0.4811), 'ndcg@80': np.float64(0.1402)}
2025-11-25 07:55:12.916 | INFO     | trainer_film_pur1:evaluate_recommendation:249 - Test Recommendation results: {'hit@10': np.float64(0.2051), 'ndcg@10': np.float64(0.1084), 'hit@20': np.float64(0.291), 'ndcg@20': np.float64(0.1297), 'hit@50': np.float64(0.426), 'ndcg@50': np.float64(0.1562), 'hit@80': np.float64(0.5011), 'ndcg@80': np.float64(0.1686)}
2025-11-25 08:17:28.161 | INFO     | trainer_film_pur1:_train_one_epoch:203 - Epoch 29 [1207.56s]: Train loss: 0.0684
2025-11-25 08:17:39.764 | INFO     | trainer_film_pur1:evaluate_recommendation:249 - Validate Recommendation results: {'hit@10': np.float64(0.2307), 'ndcg@10': np.float64(0.0907), 'hit@20': np.float64(0.3143), 'ndcg@20': np.float64(0.1087), 'hit@50': np.float64(0.4276), 'ndcg@50': np.float64(0.1309), 'hit@80': np.float64(0.4847), 'ndcg@80': np.float64(0.1419)}
2025-11-25 08:20:48.436 | INFO     | trainer_film_pur1:evaluate_recommendation:249 - Test Recommendation results: {'hit@10': np.float64(0.2132), 'ndcg@10': np.float64(0.1111), 'hit@20': np.float64(0.297), 'ndcg@20': np.float64(0.1318), 'hit@50': np.float64(0.433), 'ndcg@50': np.float64(0.1585), 'hit@80': np.float64(0.5069), 'ndcg@80': np.float64(0.1709)}
2025-11-25 08:22:25.826 | INFO     | trainer_film_pur1:train_model:138 - New best model found at epoch 29!
2025-11-25 08:42:06.621 | INFO     | trainer_film_pur1:_train_one_epoch:203 - Epoch 30 [1180.79s]: Train loss: 0.0682
2025-11-25 08:42:18.238 | INFO     | trainer_film_pur1:evaluate_recommendation:249 - Validate Recommendation results: {'hit@10': np.float64(0.2288), 'ndcg@10': np.float64(0.0899), 'hit@20': np.float64(0.3123), 'ndcg@20': np.float64(0.1082), 'hit@50': np.float64(0.4273), 'ndcg@50': np.float64(0.1308), 'hit@80': np.float64(0.4857), 'ndcg@80': np.float64(0.1417)}
2025-11-25 08:44:05.305 | INFO     | trainer_film_pur1:evaluate_recommendation:249 - Test Recommendation results: {'hit@10': np.float64(0.2107), 'ndcg@10': np.float64(0.1098), 'hit@20': np.float64(0.2975), 'ndcg@20': np.float64(0.1312), 'hit@50': np.float64(0.433), 'ndcg@50': np.float64(0.1578), 'hit@80': np.float64(0.5067), 'ndcg@80': np.float64(0.1701)}
2025-11-25 09:01:30.571 | INFO     | trainer_film_pur1:_train_one_epoch:203 - Epoch 31 [988.67s]: Train loss: 0.0679
2025-11-25 09:01:41.634 | INFO     | trainer_film_pur1:evaluate_recommendation:249 - Validate Recommendation results: {'hit@10': np.float64(0.2359), 'ndcg@10': np.float64(0.0927), 'hit@20': np.float64(0.3187), 'ndcg@20': np.float64(0.111), 'hit@50': np.float64(0.4329), 'ndcg@50': np.float64(0.1335), 'hit@80': np.float64(0.4898), 'ndcg@80': np.float64(0.1442)}
2025-11-25 09:03:02.073 | INFO     | trainer_film_pur1:evaluate_recommendation:249 - Test Recommendation results: {'hit@10': np.float64(0.2143), 'ndcg@10': np.float64(0.112), 'hit@20': np.float64(0.3015), 'ndcg@20': np.float64(0.1335), 'hit@50': np.float64(0.4344), 'ndcg@50': np.float64(0.1596), 'hit@80': np.float64(0.5109), 'ndcg@80': np.float64(0.1723)}
2025-11-25 09:03:36.479 | INFO     | trainer_film_pur1:train_model:138 - New best model found at epoch 31!
2025-11-25 09:12:29.191 | INFO     | trainer_film_pur1:_train_one_epoch:203 - Epoch 32 [532.71s]: Train loss: 0.0676
2025-11-25 09:12:39.755 | INFO     | trainer_film_pur1:evaluate_recommendation:249 - Validate Recommendation results: {'hit@10': np.float64(0.233), 'ndcg@10': np.float64(0.0919), 'hit@20': np.float64(0.3155), 'ndcg@20': np.float64(0.11), 'hit@50': np.float64(0.4301), 'ndcg@50': np.float64(0.1326), 'hit@80': np.float64(0.4864), 'ndcg@80': np.float64(0.1431)}
2025-11-25 09:13:06.395 | INFO     | trainer_film_pur1:evaluate_recommendation:249 - Test Recommendation results: {'hit@10': np.float64(0.2082), 'ndcg@10': np.float64(0.1099), 'hit@20': np.float64(0.2976), 'ndcg@20': np.float64(0.132), 'hit@50': np.float64(0.4356), 'ndcg@50': np.float64(0.1591), 'hit@80': np.float64(0.5095), 'ndcg@80': np.float64(0.1713)}
2025-11-25 09:21:58.346 | INFO     | trainer_film_pur1:_train_one_epoch:203 - Epoch 33 [518.61s]: Train loss: 0.0673
2025-11-25 09:22:08.963 | INFO     | trainer_film_pur1:evaluate_recommendation:249 - Validate Recommendation results: {'hit@10': np.float64(0.233), 'ndcg@10': np.float64(0.0925), 'hit@20': np.float64(0.3171), 'ndcg@20': np.float64(0.1109), 'hit@50': np.float64(0.4299), 'ndcg@50': np.float64(0.1334), 'hit@80': np.float64(0.488), 'ndcg@80': np.float64(0.1442)}
2025-11-25 09:22:35.918 | INFO     | trainer_film_pur1:evaluate_recommendation:249 - Test Recommendation results: {'hit@10': np.float64(0.2115), 'ndcg@10': np.float64(0.1107), 'hit@20': np.float64(0.3009), 'ndcg@20': np.float64(0.1327), 'hit@50': np.float64(0.4385), 'ndcg@50': np.float64(0.1597), 'hit@80': np.float64(0.5105), 'ndcg@80': np.float64(0.1718)}
2025-11-25 09:35:10.206 | INFO     | trainer_film_pur1:_train_one_epoch:203 - Epoch 34 [740.85s]: Train loss: 0.0668
2025-11-25 09:35:21.766 | INFO     | trainer_film_pur1:evaluate_recommendation:249 - Validate Recommendation results: {'hit@10': np.float64(0.2355), 'ndcg@10': np.float64(0.093), 'hit@20': np.float64(0.3175), 'ndcg@20': np.float64(0.1109), 'hit@50': np.float64(0.4323), 'ndcg@50': np.float64(0.1339), 'hit@80': np.float64(0.4931), 'ndcg@80': np.float64(0.1453)}
2025-11-25 09:36:05.981 | INFO     | trainer_film_pur1:evaluate_recommendation:249 - Test Recommendation results: {'hit@10': np.float64(0.2143), 'ndcg@10': np.float64(0.112), 'hit@20': np.float64(0.3028), 'ndcg@20': np.float64(0.1338), 'hit@50': np.float64(0.4414), 'ndcg@50': np.float64(0.161), 'hit@80': np.float64(0.5145), 'ndcg@80': np.float64(0.1731)}
2025-11-25 09:48:45.073 | INFO     | trainer_film_pur1:_train_one_epoch:203 - Epoch 35 [743.33s]: Train loss: 0.0669
2025-11-25 09:48:55.858 | INFO     | trainer_film_pur1:evaluate_recommendation:249 - Validate Recommendation results: {'hit@10': np.float64(0.2356), 'ndcg@10': np.float64(0.0928), 'hit@20': np.float64(0.3177), 'ndcg@20': np.float64(0.1108), 'hit@50': np.float64(0.4322), 'ndcg@50': np.float64(0.1334), 'hit@80': np.float64(0.4893), 'ndcg@80': np.float64(0.1444)}
2025-11-25 09:49:29.873 | INFO     | trainer_film_pur1:evaluate_recommendation:249 - Test Recommendation results: {'hit@10': np.float64(0.2136), 'ndcg@10': np.float64(0.1118), 'hit@20': np.float64(0.3023), 'ndcg@20': np.float64(0.1337), 'hit@50': np.float64(0.4371), 'ndcg@50': np.float64(0.1603), 'hit@80': np.float64(0.5109), 'ndcg@80': np.float64(0.1727)}
2025-11-25 09:49:55.523 | INFO     | trainer_film_pur1:train_model:142 - Early stopping at epoch 35.
2025-11-25 09:49:55.575 | INFO     | trainer_film_pur1:save_model:372 - Model saved to ./check_point_evaluate/TRIB-MBR_Full_tmall2025-11-24_19_52_54.pth
2025-11-25 09:49:55.575 | INFO     | trainer_film_pur1:train_model:147 - Training finished. Best epoch: 31
2025-11-25 09:49:55.576 | INFO     | trainer_film_pur1:train_model:148 - Validation: {'hit@10': np.float64(0.2359), 'ndcg@10': np.float64(0.0927), 'hit@20': np.float64(0.3187), 'ndcg@20': np.float64(0.111), 'hit@50': np.float64(0.4329), 'ndcg@50': np.float64(0.1335), 'hit@80': np.float64(0.4898), 'ndcg@80': np.float64(0.1442), 'purchase_auc_validate': 0.0, 'purchase_f1_validate': 0.0, 'purchase_precision_validate': 0.0, 'purchase_recall_validate': 0.0}, Test: {'hit@10': np.float64(0.2143), 'ndcg@10': np.float64(0.112), 'hit@20': np.float64(0.3015), 'ndcg@20': np.float64(0.1335), 'hit@50': np.float64(0.4344), 'ndcg@50': np.float64(0.1596), 'hit@80': np.float64(0.5109), 'ndcg@80': np.float64(0.1723), 'purchase_auc_test': 0.0, 'purchase_f1_test': 0.0, 'purchase_precision_test': 0.0, 'purchase_recall_test': 0.0}
